Experiment: sweep_gain_0.0
Output: results/sweep_surprise_gain/sweep_gain_0.0
Seed: 42
Continual Learning: 5 tasks
Models: ['VISÃO']

--- VISÃO (seed=42) ---
  Training on task 0 (80 samples)
  Training on task 1 (80 samples)
  Training on task 2 (80 samples)
  Training on task 3 (80 samples)
  Training on task 4 (80 samples)
  Forgetting: 0.0014
  BWT: -0.0018
  Avg performance: 0.5238

--- VISÃO (seed=43) ---
  Training on task 0 (80 samples)
  Training on task 1 (80 samples)
  Training on task 2 (80 samples)
  Training on task 3 (80 samples)
  Training on task 4 (80 samples)
  Forgetting: 0.0067
  BWT: -0.0084
  Avg performance: 0.5074

--- VISÃO (seed=44) ---
  Training on task 0 (80 samples)
  Training on task 1 (80 samples)
  Training on task 2 (80 samples)
  Training on task 3 (80 samples)
  Training on task 4 (80 samples)
  Forgetting: 0.0143
  BWT: -0.0178
  Avg performance: 0.5489

--- VISÃO (seed=45) ---
  Training on task 0 (80 samples)
  Training on task 1 (80 samples)
  Training on task 2 (80 samples)
  Training on task 3 (80 samples)
  Training on task 4 (80 samples)
  Forgetting: 0.0007
  BWT: -0.0008
  Avg performance: 0.5073

--- VISÃO (seed=46) ---
  Training on task 0 (80 samples)
  Training on task 1 (80 samples)
  Training on task 2 (80 samples)
  Training on task 3 (80 samples)
  Training on task 4 (80 samples)
  Forgetting: 0.0037
  BWT: -0.0047
  Avg performance: 0.5156
Metrics saved: results/sweep_surprise_gain/sweep_gain_0.0/metrics.json