Experiment: ablation_visao
Output: results/ablation_visao
Seed: 42
Continual Learning: 5 tasks
Models: ['VISÃO-full', 'VISÃO-no_meta', 'VISÃO-no_consolidation', 'VISÃO-no_surprise', 'VISÃO-baseline']

--- VISÃO-full (seed=42) ---
  Training on task 0 (80 samples)
  Training on task 1 (80 samples)
  Training on task 2 (80 samples)
  Training on task 3 (80 samples)
  Training on task 4 (80 samples)
  Forgetting: -0.0060
  BWT: 0.0075
  Avg performance: 0.5263

--- VISÃO-full (seed=43) ---
  Training on task 0 (80 samples)
  Training on task 1 (80 samples)
  Training on task 2 (80 samples)
  Training on task 3 (80 samples)
  Training on task 4 (80 samples)
  Forgetting: 0.0898
  BWT: -0.1123
  Avg performance: 0.6353

--- VISÃO-full (seed=44) ---
  Training on task 0 (80 samples)
  Training on task 1 (80 samples)
  Training on task 2 (80 samples)
  Training on task 3 (80 samples)
  Training on task 4 (80 samples)
  Forgetting: 0.0745
  BWT: -0.0931
  Avg performance: 0.6264

--- VISÃO-full (seed=45) ---
  Training on task 0 (80 samples)
  Training on task 1 (80 samples)
  Training on task 2 (80 samples)
  Training on task 3 (80 samples)
  Training on task 4 (80 samples)
  Forgetting: 0.0973
  BWT: -0.1216
  Avg performance: 0.7185

--- VISÃO-full (seed=46) ---
  Training on task 0 (80 samples)
  Training on task 1 (80 samples)
  Training on task 2 (80 samples)
  Training on task 3 (80 samples)
  Training on task 4 (80 samples)
  Forgetting: 0.0118
  BWT: -0.0148
  Avg performance: 0.5286

--- VISÃO-no_meta (seed=42) ---
  Training on task 0 (80 samples)
  Training on task 1 (80 samples)
  Training on task 2 (80 samples)
  Training on task 3 (80 samples)
  Training on task 4 (80 samples)
  Forgetting: 0.0141
  BWT: -0.0176
  Avg performance: 0.5391

--- VISÃO-no_meta (seed=43) ---
  Training on task 0 (80 samples)
  Training on task 1 (80 samples)
  Training on task 2 (80 samples)
  Training on task 3 (80 samples)
  Training on task 4 (80 samples)
  Forgetting: 0.0963
  BWT: -0.1203
  Avg performance: 0.6340

--- VISÃO-no_meta (seed=44) ---
  Training on task 0 (80 samples)
  Training on task 1 (80 samples)
  Training on task 2 (80 samples)
  Training on task 3 (80 samples)
  Training on task 4 (80 samples)
  Forgetting: 0.1230
  BWT: -0.1537
  Avg performance: 0.6979

--- VISÃO-no_meta (seed=45) ---
  Training on task 0 (80 samples)
  Training on task 1 (80 samples)
  Training on task 2 (80 samples)
  Training on task 3 (80 samples)
  Training on task 4 (80 samples)
  Forgetting: 0.1989
  BWT: -0.2487
  Avg performance: 0.8031

--- VISÃO-no_meta (seed=46) ---
  Training on task 0 (80 samples)
  Training on task 1 (80 samples)
  Training on task 2 (80 samples)
  Training on task 3 (80 samples)
  Training on task 4 (80 samples)
  Forgetting: 0.0033
  BWT: -0.0041
  Avg performance: 0.5650

--- VISÃO-no_consolidation (seed=42) ---
  Training on task 0 (80 samples)
  Training on task 1 (80 samples)
  Training on task 2 (80 samples)
  Training on task 3 (80 samples)
  Training on task 4 (80 samples)
  Forgetting: 0.0162
  BWT: -0.0202
  Avg performance: 0.5432

--- VISÃO-no_consolidation (seed=43) ---
  Training on task 0 (80 samples)
  Training on task 1 (80 samples)
  Training on task 2 (80 samples)
  Training on task 3 (80 samples)
  Training on task 4 (80 samples)
  Forgetting: 0.0957
  BWT: -0.1197
  Avg performance: 0.6357

--- VISÃO-no_consolidation (seed=44) ---
  Training on task 0 (80 samples)
  Training on task 1 (80 samples)
  Training on task 2 (80 samples)
  Training on task 3 (80 samples)
  Training on task 4 (80 samples)
  Forgetting: 0.1172
  BWT: -0.1465
  Avg performance: 0.6890

--- VISÃO-no_consolidation (seed=45) ---
  Training on task 0 (80 samples)
  Training on task 1 (80 samples)
  Training on task 2 (80 samples)
  Training on task 3 (80 samples)
  Training on task 4 (80 samples)
  Forgetting: 0.2157
  BWT: -0.2696
  Avg performance: 0.8365

--- VISÃO-no_consolidation (seed=46) ---
  Training on task 0 (80 samples)
  Training on task 1 (80 samples)
  Training on task 2 (80 samples)
  Training on task 3 (80 samples)
  Training on task 4 (80 samples)
  Forgetting: 0.0021
  BWT: -0.0026
  Avg performance: 0.5653

--- VISÃO-no_surprise (seed=42) ---
  Training on task 0 (80 samples)
  Training on task 1 (80 samples)
  Training on task 2 (80 samples)
  Training on task 3 (80 samples)
  Training on task 4 (80 samples)
  Forgetting: 0.0014
  BWT: -0.0017
  Avg performance: 0.5233

--- VISÃO-no_surprise (seed=43) ---
  Training on task 0 (80 samples)
  Training on task 1 (80 samples)
  Training on task 2 (80 samples)
  Training on task 3 (80 samples)
  Training on task 4 (80 samples)
  Forgetting: 0.0257
  BWT: -0.0321
  Avg performance: 0.5286

--- VISÃO-no_surprise (seed=44) ---
  Training on task 0 (80 samples)
  Training on task 1 (80 samples)
  Training on task 2 (80 samples)
  Training on task 3 (80 samples)
  Training on task 4 (80 samples)
  Forgetting: 0.0419
  BWT: -0.0523
  Avg performance: 0.5836

--- VISÃO-no_surprise (seed=45) ---
  Training on task 0 (80 samples)
  Training on task 1 (80 samples)
  Training on task 2 (80 samples)
  Training on task 3 (80 samples)
  Training on task 4 (80 samples)
  Forgetting: 0.0034
  BWT: -0.0043
  Avg performance: 0.5130

--- VISÃO-no_surprise (seed=46) ---
  Training on task 0 (80 samples)
  Training on task 1 (80 samples)
  Training on task 2 (80 samples)
  Training on task 3 (80 samples)
  Training on task 4 (80 samples)
  Forgetting: -0.0079
  BWT: 0.0099
  Avg performance: 0.5157

--- VISÃO-baseline (seed=42) ---
  Training on task 0 (80 samples)
  Training on task 1 (80 samples)
  Training on task 2 (80 samples)
  Training on task 3 (80 samples)
  Training on task 4 (80 samples)
  Forgetting: 0.0162
  BWT: -0.0202
  Avg performance: 0.5428

--- VISÃO-baseline (seed=43) ---
  Training on task 0 (80 samples)
  Training on task 1 (80 samples)
  Training on task 2 (80 samples)
  Training on task 3 (80 samples)
  Training on task 4 (80 samples)
  Forgetting: 0.0941
  BWT: -0.1177
  Avg performance: 0.6322

--- VISÃO-baseline (seed=44) ---
  Training on task 0 (80 samples)
  Training on task 1 (80 samples)
  Training on task 2 (80 samples)
  Training on task 3 (80 samples)
  Training on task 4 (80 samples)
  Forgetting: 0.1151
  BWT: -0.1439
  Avg performance: 0.6872

--- VISÃO-baseline (seed=45) ---
  Training on task 0 (80 samples)
  Training on task 1 (80 samples)
  Training on task 2 (80 samples)
  Training on task 3 (80 samples)
  Training on task 4 (80 samples)
  Forgetting: 0.2007
  BWT: -0.2509
  Avg performance: 0.8047

--- VISÃO-baseline (seed=46) ---
  Training on task 0 (80 samples)
  Training on task 1 (80 samples)
  Training on task 2 (80 samples)
  Training on task 3 (80 samples)
  Training on task 4 (80 samples)
  Forgetting: -0.0052
  BWT: 0.0065
  Avg performance: 0.5635
Completed in 2.58s
Metrics saved: results/ablation_visao/metrics.json