Experiment: sweep_gain_5.0
Output: results/sweep_surprise_gain/sweep_gain_5.0
Seed: 42
Continual Learning: 5 tasks
Models: ['VISÃO']

--- VISÃO (seed=42) ---
  Training on task 0 (80 samples)
  Training on task 1 (80 samples)
  Training on task 2 (80 samples)
  Training on task 3 (80 samples)
  Training on task 4 (80 samples)
  Forgetting: -0.0009
  BWT: 0.0012
  Avg performance: 0.5317

--- VISÃO (seed=43) ---
  Training on task 0 (80 samples)
  Training on task 1 (80 samples)
  Training on task 2 (80 samples)
  Training on task 3 (80 samples)
  Training on task 4 (80 samples)
  Forgetting: 0.1219
  BWT: -0.1524
  Avg performance: 0.7011

--- VISÃO (seed=44) ---
  Training on task 0 (80 samples)
  Training on task 1 (80 samples)
  Training on task 2 (80 samples)
  Training on task 3 (80 samples)
  Training on task 4 (80 samples)
  Forgetting: 0.0611
  BWT: -0.0764
  Avg performance: 0.6244

--- VISÃO (seed=45) ---
  Training on task 0 (80 samples)
  Training on task 1 (80 samples)
  Training on task 2 (80 samples)
  Training on task 3 (80 samples)
  Training on task 4 (80 samples)
  Forgetting: 0.0370
  BWT: -0.0462
  Avg performance: 0.7325

--- VISÃO (seed=46) ---
  Training on task 0 (80 samples)
  Training on task 1 (80 samples)
  Training on task 2 (80 samples)
  Training on task 3 (80 samples)
  Training on task 4 (80 samples)
  Forgetting: -0.0065
  BWT: 0.0081
  Avg performance: 0.5107
Metrics saved: results/sweep_surprise_gain/sweep_gain_5.0/metrics.json