Experiment: sweep_gain_1.5
Output: results/sweep_surprise_gain/sweep_gain_1.5
Seed: 42
Continual Learning: 5 tasks
Models: ['VISÃO']

--- VISÃO (seed=42) ---
  Training on task 0 (80 samples)
  Training on task 1 (80 samples)
  Training on task 2 (80 samples)
  Training on task 3 (80 samples)
  Training on task 4 (80 samples)
  Forgetting: -0.0025
  BWT: 0.0031
  Avg performance: 0.5230

--- VISÃO (seed=43) ---
  Training on task 0 (80 samples)
  Training on task 1 (80 samples)
  Training on task 2 (80 samples)
  Training on task 3 (80 samples)
  Training on task 4 (80 samples)
  Forgetting: 0.0603
  BWT: -0.0754
  Avg performance: 0.5848

--- VISÃO (seed=44) ---
  Training on task 0 (80 samples)
  Training on task 1 (80 samples)
  Training on task 2 (80 samples)
  Training on task 3 (80 samples)
  Training on task 4 (80 samples)
  Forgetting: 0.0739
  BWT: -0.0924
  Avg performance: 0.6219

--- VISÃO (seed=45) ---
  Training on task 0 (80 samples)
  Training on task 1 (80 samples)
  Training on task 2 (80 samples)
  Training on task 3 (80 samples)
  Training on task 4 (80 samples)
  Forgetting: 0.1007
  BWT: -0.1259
  Avg performance: 0.6628

--- VISÃO (seed=46) ---
  Training on task 0 (80 samples)
  Training on task 1 (80 samples)
  Training on task 2 (80 samples)
  Training on task 3 (80 samples)
  Training on task 4 (80 samples)
  Forgetting: 0.0168
  BWT: -0.0210
  Avg performance: 0.5430
Metrics saved: results/sweep_surprise_gain/sweep_gain_1.5/metrics.json