Experiment: sweep_gain_1.0
Output: results/sweep_surprise_gain/sweep_gain_1.0
Seed: 42
Continual Learning: 5 tasks
Models: ['VISÃO']

--- VISÃO (seed=42) ---
  Training on task 0 (80 samples)
  Training on task 1 (80 samples)
  Training on task 2 (80 samples)
  Training on task 3 (80 samples)
  Training on task 4 (80 samples)
  Forgetting: -0.0000
  BWT: 0.0001
  Avg performance: 0.5227

--- VISÃO (seed=43) ---
  Training on task 0 (80 samples)
  Training on task 1 (80 samples)
  Training on task 2 (80 samples)
  Training on task 3 (80 samples)
  Training on task 4 (80 samples)
  Forgetting: 0.0522
  BWT: -0.0653
  Avg performance: 0.5697

--- VISÃO (seed=44) ---
  Training on task 0 (80 samples)
  Training on task 1 (80 samples)
  Training on task 2 (80 samples)
  Training on task 3 (80 samples)
  Training on task 4 (80 samples)
  Forgetting: 0.0708
  BWT: -0.0885
  Avg performance: 0.6177

--- VISÃO (seed=45) ---
  Training on task 0 (80 samples)
  Training on task 1 (80 samples)
  Training on task 2 (80 samples)
  Training on task 3 (80 samples)
  Training on task 4 (80 samples)
  Forgetting: 0.0815
  BWT: -0.1019
  Avg performance: 0.6261

--- VISÃO (seed=46) ---
  Training on task 0 (80 samples)
  Training on task 1 (80 samples)
  Training on task 2 (80 samples)
  Training on task 3 (80 samples)
  Training on task 4 (80 samples)
  Forgetting: 0.0072
  BWT: -0.0090
  Avg performance: 0.5367
Metrics saved: results/sweep_surprise_gain/sweep_gain_1.0/metrics.json