Experiment: sweep_gain_0.5
Output: results/sweep_surprise_gain/sweep_gain_0.5
Seed: 42
Continual Learning: 5 tasks
Models: ['VISÃO']

--- VISÃO (seed=42) ---
  Training on task 0 (80 samples)
  Training on task 1 (80 samples)
  Training on task 2 (80 samples)
  Training on task 3 (80 samples)
  Training on task 4 (80 samples)
  Forgetting: 0.0010
  BWT: -0.0013
  Avg performance: 0.5230

--- VISÃO (seed=43) ---
  Training on task 0 (80 samples)
  Training on task 1 (80 samples)
  Training on task 2 (80 samples)
  Training on task 3 (80 samples)
  Training on task 4 (80 samples)
  Forgetting: 0.0454
  BWT: -0.0567
  Avg performance: 0.5554

--- VISÃO (seed=44) ---
  Training on task 0 (80 samples)
  Training on task 1 (80 samples)
  Training on task 2 (80 samples)
  Training on task 3 (80 samples)
  Training on task 4 (80 samples)
  Forgetting: 0.0643
  BWT: -0.0803
  Avg performance: 0.6087

--- VISÃO (seed=45) ---
  Training on task 0 (80 samples)
  Training on task 1 (80 samples)
  Training on task 2 (80 samples)
  Training on task 3 (80 samples)
  Training on task 4 (80 samples)
  Forgetting: 0.0495
  BWT: -0.0618
  Avg performance: 0.5768

--- VISÃO (seed=46) ---
  Training on task 0 (80 samples)
  Training on task 1 (80 samples)
  Training on task 2 (80 samples)
  Training on task 3 (80 samples)
  Training on task 4 (80 samples)
  Forgetting: -0.0067
  BWT: 0.0084
  Avg performance: 0.5238
Metrics saved: results/sweep_surprise_gain/sweep_gain_0.5/metrics.json